Archive member included to satisfy reference by file (symbol)

d:/program files (x86)/stmicroelectronics/stm32cubeide_1.3.0/stm32cubeide/plugins/com.st.stm32cube.ide.mcu.externaltools.gnu-tools-for-stm32.7-2018-q2-update.win32_1.0.0.201904181610/tools/bin/../lib/gcc/arm-none-eabi/7.3.1/../../../../arm-none-eabi/lib/thumb/v7e-m/fpv4-sp/hard\libc_nano.a(lib_a-errno.o)
                              Core/Src/syscalls.o (__errno)
d:/program files (x86)/stmicroelectronics/stm32cubeide_1.3.0/stm32cubeide/plugins/com.st.stm32cube.ide.mcu.externaltools.gnu-tools-for-stm32.7-2018-q2-update.win32_1.0.0.201904181610/tools/bin/../lib/gcc/arm-none-eabi/7.3.1/../../../../arm-none-eabi/lib/thumb/v7e-m/fpv4-sp/hard\libc_nano.a(lib_a-exit.o)
                              d:/program files (x86)/stmicroelectronics/stm32cubeide_1.3.0/stm32cubeide/plugins/com.st.stm32cube.ide.mcu.externaltools.gnu-tools-for-stm32.7-2018-q2-update.win32_1.0.0.201904181610/tools/bin/../lib/gcc/arm-none-eabi/7.3.1/../../../../arm-none-eabi/lib/thumb/v7e-m/fpv4-sp/hard/crt0.o (exit)
d:/program files (x86)/stmicroelectronics/stm32cubeide_1.3.0/stm32cubeide/plugins/com.st.stm32cube.ide.mcu.externaltools.gnu-tools-for-stm32.7-2018-q2-update.win32_1.0.0.201904181610/tools/bin/../lib/gcc/arm-none-eabi/7.3.1/../../../../arm-none-eabi/lib/thumb/v7e-m/fpv4-sp/hard\libc_nano.a(lib_a-impure.o)
                              d:/program files (x86)/stmicroelectronics/stm32cubeide_1.3.0/stm32cubeide/plugins/com.st.stm32cube.ide.mcu.externaltools.gnu-tools-for-stm32.7-2018-q2-update.win32_1.0.0.201904181610/tools/bin/../lib/gcc/arm-none-eabi/7.3.1/../../../../arm-none-eabi/lib/thumb/v7e-m/fpv4-sp/hard\libc_nano.a(lib_a-exit.o) (_global_impure_ptr)
d:/program files (x86)/stmicroelectronics/stm32cubeide_1.3.0/stm32cubeide/plugins/com.st.stm32cube.ide.mcu.externaltools.gnu-tools-for-stm32.7-2018-q2-update.win32_1.0.0.201904181610/tools/bin/../lib/gcc/arm-none-eabi/7.3.1/../../../../arm-none-eabi/lib/thumb/v7e-m/fpv4-sp/hard\libc_nano.a(lib_a-init.o)
                              d:/program files (x86)/stmicroelectronics/stm32cubeide_1.3.0/stm32cubeide/plugins/com.st.stm32cube.ide.mcu.externaltools.gnu-tools-for-stm32.7-2018-q2-update.win32_1.0.0.201904181610/tools/bin/../lib/gcc/arm-none-eabi/7.3.1/../../../../arm-none-eabi/lib/thumb/v7e-m/fpv4-sp/hard/crt0.o (__libc_init_array)
d:/program files (x86)/stmicroelectronics/stm32cubeide_1.3.0/stm32cubeide/plugins/com.st.stm32cube.ide.mcu.externaltools.gnu-tools-for-stm32.7-2018-q2-update.win32_1.0.0.201904181610/tools/bin/../lib/gcc/arm-none-eabi/7.3.1/../../../../arm-none-eabi/lib/thumb/v7e-m/fpv4-sp/hard\libc_nano.a(lib_a-memset.o)
                              d:/program files (x86)/stmicroelectronics/stm32cubeide_1.3.0/stm32cubeide/plugins/com.st.stm32cube.ide.mcu.externaltools.gnu-tools-for-stm32.7-2018-q2-update.win32_1.0.0.201904181610/tools/bin/../lib/gcc/arm-none-eabi/7.3.1/../../../../arm-none-eabi/lib/thumb/v7e-m/fpv4-sp/hard/crt0.o (memset)
d:/program files (x86)/stmicroelectronics/stm32cubeide_1.3.0/stm32cubeide/plugins/com.st.stm32cube.ide.mcu.externaltools.gnu-tools-for-stm32.7-2018-q2-update.win32_1.0.0.201904181610/tools/bin/../lib/gcc/arm-none-eabi/7.3.1/thumb/v7e-m/fpv4-sp/hard\libgcc.a(_aeabi_uldivmod.o)
                              Drivers/STM32F7xx_HAL_Driver/Src/stm32f7xx_hal_rcc.o (__aeabi_uldivmod)
d:/program files (x86)/stmicroelectronics/stm32cubeide_1.3.0/stm32cubeide/plugins/com.st.stm32cube.ide.mcu.externaltools.gnu-tools-for-stm32.7-2018-q2-update.win32_1.0.0.201904181610/tools/bin/../lib/gcc/arm-none-eabi/7.3.1/thumb/v7e-m/fpv4-sp/hard\libgcc.a(_udivmoddi4.o)
                              d:/program files (x86)/stmicroelectronics/stm32cubeide_1.3.0/stm32cubeide/plugins/com.st.stm32cube.ide.mcu.externaltools.gnu-tools-for-stm32.7-2018-q2-update.win32_1.0.0.201904181610/tools/bin/../lib/gcc/arm-none-eabi/7.3.1/thumb/v7e-m/fpv4-sp/hard\libgcc.a(_aeabi_uldivmod.o) (__udivmoddi4)
d:/program files (x86)/stmicroelectronics/stm32cubeide_1.3.0/stm32cubeide/plugins/com.st.stm32cube.ide.mcu.externaltools.gnu-tools-for-stm32.7-2018-q2-update.win32_1.0.0.201904181610/tools/bin/../lib/gcc/arm-none-eabi/7.3.1/thumb/v7e-m/fpv4-sp/hard\libgcc.a(_dvmd_tls.o)
                              d:/program files (x86)/stmicroelectronics/stm32cubeide_1.3.0/stm32cubeide/plugins/com.st.stm32cube.ide.mcu.externaltools.gnu-tools-for-stm32.7-2018-q2-update.win32_1.0.0.201904181610/tools/bin/../lib/gcc/arm-none-eabi/7.3.1/thumb/v7e-m/fpv4-sp/hard\libgcc.a(_aeabi_uldivmod.o) (__aeabi_ldiv0)

Allocating common symbols
Common symbol       size              file

uwTick              0x4               Drivers/STM32F7xx_HAL_Driver/Src/stm32f7xx_hal.o
pFlash              0x1c              Drivers/STM32F7xx_HAL_Driver/Src/stm32f7xx_hal_flash.o

Discarded input sections

[...]
Memory Configuration

Name             Origin             Length             Attributes
RAM              0x0000000020000000 0x0000000000050000 xrw
FLASH            0x0000000008000000 0x0000000000100000 xr
*default*        0x0000000000000000 0xffffffffffffffff

Linker script and memory map

LOAD d:/program files (x86)/stmicroelectronics/stm32cubeide_1.3.0/stm32cubeide/plugins/com.st.stm32cube.ide.mcu.externaltools.gnu-tools-for-stm32.7-2018-q2-update.win32_1.0.0.201904181610/tools/bin/../lib/gcc/arm-none-eabi/7.3.1/thumb/v7e-m/fpv4-sp/hard/crti.o
LOAD d:/program files (x86)/stmicroelectronics/stm32cubeide_1.3.0/stm32cubeide/plugins/com.st.stm32cube.ide.mcu.externaltools.gnu-tools-for-stm32.7-2018-q2-update.win32_1.0.0.201904181610/tools/bin/../lib/gcc/arm-none-eabi/7.3.1/thumb/v7e-m/fpv4-sp/hard/crtbegin.o
LOAD d:/program files (x86)/stmicroelectronics/stm32cubeide_1.3.0/stm32cubeide/plugins/com.st.stm32cube.ide.mcu.externaltools.gnu-tools-for-stm32.7-2018-q2-update.win32_1.0.0.201904181610/tools/bin/../lib/gcc/arm-none-eabi/7.3.1/../../../../arm-none-eabi/lib/thumb/v7e-m/fpv4-sp/hard/crt0.o
LOAD Core/Src/main.o
LOAD Core/Src/stm32f7xx_hal_msp.o
LOAD Core/Src/stm32f7xx_it.o
LOAD Core/Src/syscalls.o
LOAD Core/Src/sysmem.o
LOAD Core/Src/system_stm32f7xx.o
LOAD Core/Startup/startup_stm32f746nghx.o
LOAD Drivers/STM32F7xx_HAL_Driver/Src/stm32f7xx_hal.o
LOAD Drivers/STM32F7xx_HAL_Driver/Src/stm32f7xx_hal_cortex.o
LOAD Drivers/STM32F7xx_HAL_Driver/Src/stm32f7xx_hal_dma.o
LOAD Drivers/STM32F7xx_HAL_Driver/Src/stm32f7xx_hal_dma_ex.o
LOAD Drivers/STM32F7xx_HAL_Driver/Src/stm32f7xx_hal_exti.o
LOAD Drivers/STM32F7xx_HAL_Driver/Src/stm32f7xx_hal_flash.o
LOAD Drivers/STM32F7xx_HAL_Driver/Src/stm32f7xx_hal_flash_ex.o
LOAD Drivers/STM32F7xx_HAL_Driver/Src/stm32f7xx_hal_gpio.o
LOAD Drivers/STM32F7xx_HAL_Driver/Src/stm32f7xx_hal_i2c.o
LOAD Drivers/STM32F7xx_HAL_Driver/Src/stm32f7xx_hal_i2c_ex.o
LOAD Drivers/STM32F7xx_HAL_Driver/Src/stm32f7xx_hal_pwr.o
LOAD Drivers/STM32F7xx_HAL_Driver/Src/stm32f7xx_hal_pwr_ex.o
LOAD Drivers/STM32F7xx_HAL_Driver/Src/stm32f7xx_hal_rcc.o
LOAD Drivers/STM32F7xx_HAL_Driver/Src/stm32f7xx_hal_rcc_ex.o
LOAD Drivers/STM32F7xx_HAL_Driver/Src/stm32f7xx_hal_tim.o
LOAD Drivers/STM32F7xx_HAL_Driver/Src/stm32f7xx_hal_tim_ex.o
START GROUP
LOAD d:/program files (x86)/stmicroelectronics/stm32cubeide_1.3.0/stm32cubeide/plugins/com.st.stm32cube.ide.mcu.externaltools.gnu-tools-for-stm32.7-2018-q2-update.win32_1.0.0.201904181610/tools/bin/../lib/gcc/arm-none-eabi/7.3.1/../../../../arm-none-eabi/lib/thumb/v7e-m/fpv4-sp/hard\libstdc++_nano.a
LOAD d:/program files (x86)/stmicroelectronics/stm32cubeide_1.3.0/stm32cubeide/plugins/com.st.stm32cube.ide.mcu.externaltools.gnu-tools-for-stm32.7-2018-q2-update.win32_1.0.0.201904181610/tools/bin/../lib/gcc/arm-none-eabi/7.3.1/../../../../arm-none-eabi/lib/thumb/v7e-m/fpv4-sp/hard\libsupc++_nano.a
END GROUP
LOAD d:/program files (x86)/stmicroelectronics/stm32cubeide_1.3.0/stm32cubeide/plugins/com.st.stm32cube.ide.mcu.externaltools.gnu-tools-for-stm32.7-2018-q2-update.win32_1.0.0.201904181610/tools/bin/../lib/gcc/arm-none-eabi/7.3.1/../../../../arm-none-eabi/lib/thumb/v7e-m/fpv4-sp/hard\libstdc++_nano.a
LOAD d:/program files (x86)/stmicroelectronics/stm32cubeide_1.3.0/stm32cubeide/plugins/com.st.stm32cube.ide.mcu.externaltools.gnu-tools-for-stm32.7-2018-q2-update.win32_1.0.0.201904181610/tools/bin/../lib/gcc/arm-none-eabi/7.3.1/../../../../arm-none-eabi/lib/thumb/v7e-m/fpv4-sp/hard\libm.a
LOAD d:/program files (x86)/stmicroelectronics/stm32cubeide_1.3.0/stm32cubeide/plugins/com.st.stm32cube.ide.mcu.externaltools.gnu-tools-for-stm32.7-2018-q2-update.win32_1.0.0.201904181610/tools/bin/../lib/gcc/arm-none-eabi/7.3.1/../../../../arm-none-eabi/lib/thumb/v7e-m/fpv4-sp/hard\libc_nano.a
START GROUP
LOAD d:/program files (x86)/stmicroelectronics/stm32cubeide_1.3.0/stm32cubeide/plugins/com.st.stm32cube.ide.mcu.externaltools.gnu-tools-for-stm32.7-2018-q2-update.win32_1.0.0.201904181610/tools/bin/../lib/gcc/arm-none-eabi/7.3.1/thumb/v7e-m/fpv4-sp/hard\libgcc.a
LOAD d:/program files (x86)/stmicroelectronics/stm32cubeide_1.3.0/stm32cubeide/plugins/com.st.stm32cube.ide.mcu.externaltools.gnu-tools-for-stm32.7-2018-q2-update.win32_1.0.0.201904181610/tools/bin/../lib/gcc/arm-none-eabi/7.3.1/../../../../arm-none-eabi/lib/thumb/v7e-m/fpv4-sp/hard\libc_nano.a
END GROUP
START GROUP
LOAD d:/program files (x86)/stmicroelectronics/stm32cubeide_1.3.0/stm32cubeide/plugins/com.st.stm32cube.ide.mcu.externaltools.gnu-tools-for-stm32.7-2018-q2-update.win32_1.0.0.201904181610/tools/bin/../lib/gcc/arm-none-eabi/7.3.1/thumb/v7e-m/fpv4-sp/hard\libgcc.a
LOAD d:/program files (x86)/stmicroelectronics/stm32cubeide_1.3.0/stm32cubeide/plugins/com.st.stm32cube.ide.mcu.externaltools.gnu-tools-for-stm32.7-2018-q2-update.win32_1.0.0.201904181610/tools/bin/../lib/gcc/arm-none-eabi/7.3.1/../../../../arm-none-eabi/lib/thumb/v7e-m/fpv4-sp/hard\libc_nano.a
LOAD d:/program files (x86)/stmicroelectronics/stm32cubeide_1.3.0/stm32cubeide/plugins/com.st.stm32cube.ide.mcu.externaltools.gnu-tools-for-stm32.7-2018-q2-update.win32_1.0.0.201904181610/tools/bin/../lib/gcc/arm-none-eabi/7.3.1/../../../../arm-none-eabi/lib/thumb/v7e-m/fpv4-sp/hard\libnosys.a
END GROUP
START GROUP
LOAD d:/program files (x86)/stmicroelectronics/stm32cubeide_1.3.0/stm32cubeide/plugins/com.st.stm32cube.ide.mcu.externaltools.gnu-tools-for-stm32.7-2018-q2-update.win32_1.0.0.201904181610/tools/bin/../lib/gcc/arm-none-eabi/7.3.1/thumb/v7e-m/fpv4-sp/hard\libgcc.a
LOAD d:/program files (x86)/stmicroelectronics/stm32cubeide_1.3.0/stm32cubeide/plugins/com.st.stm32cube.ide.mcu.externaltools.gnu-tools-for-stm32.7-2018-q2-update.win32_1.0.0.201904181610/tools/bin/../lib/gcc/arm-none-eabi/7.3.1/../../../../arm-none-eabi/lib/thumb/v7e-m/fpv4-sp/hard\libc_nano.a
LOAD d:/program files (x86)/stmicroelectronics/stm32cubeide_1.3.0/stm32cubeide/plugins/com.st.stm32cube.ide.mcu.externaltools.gnu-tools-for-stm32.7-2018-q2-update.win32_1.0.0.201904181610/tools/bin/../lib/gcc/arm-none-eabi/7.3.1/../../../../arm-none-eabi/lib/thumb/v7e-m/fpv4-sp/hard\libnosys.a
END GROUP
LOAD d:/program files (x86)/stmicroelectronics/stm32cubeide_1.3.0/stm32cubeide/plugins/com.st.stm32cube.ide.mcu.externaltools.gnu-tools-for-stm32.7-2018-q2-update.win32_1.0.0.201904181610/tools/bin/../lib/gcc/arm-none-eabi/7.3.1/thumb/v7e-m/fpv4-sp/hard/crtend.o
LOAD d:/program files (x86)/stmicroelectronics/stm32cubeide_1.3.0/stm32cubeide/plugins/com.st.stm32cube.ide.mcu.externaltools.gnu-tools-for-stm32.7-2018-q2-update.win32_1.0.0.201904181610/tools/bin/../lib/gcc/arm-none-eabi/7.3.1/thumb/v7e-m/fpv4-sp/hard/crtn.o
                0x0000000020050000                _estack = (ORIGIN (RAM) + LENGTH (RAM))
                0x0000000000000200                _Min_Heap_Size = 0x200
                0x0000000000000400                _Min_Stack_Size = 0x400

.isr_vector     0x0000000008000000      0x1c8
                0x0000000008000000                . = ALIGN (0x4)
 *(.isr_vector)
 .isr_vector    0x0000000008000000      0x1c8 Core/Startup/startup_stm32f746nghx.o
                0x0000000008000000                g_pfnVectors
                0x00000000080001c8                . = ALIGN (0x4)

.text           0x00000000080001c8     0x10d0
                0x00000000080001c8                . = ALIGN (0x4)
 *(.text)
 .text          0x00000000080001c8       0x40 d:/program files (x86)/stmicroelectronics/stm32cubeide_1.3.0/stm32cubeide/plugins/com.st.stm32cube.ide.mcu.externaltools.gnu-tools-for-stm32.7-2018-q2-update.win32_1.0.0.201904181610/tools/bin/../lib/gcc/arm-none-eabi/7.3.1/thumb/v7e-m/fpv4-sp/hard/crtbegin.o
 .text          0x0000000008000208       0x30 d:/program files (x86)/stmicroelectronics/stm32cubeide_1.3.0/stm32cubeide/plugins/com.st.stm32cube.ide.mcu.externaltools.gnu-tools-for-stm32.7-2018-q2-update.win32_1.0.0.201904181610/tools/bin/../lib/gcc/arm-none-eabi/7.3.1/thumb/v7e-m/fpv4-sp/hard\libgcc.a(_aeabi_uldivmod.o)
                0x0000000008000208                __aeabi_uldivmod
 .text          0x0000000008000238      0x2cc d:/program files (x86)/stmicroelectronics/stm32cubeide_1.3.0/stm32cubeide/plugins/com.st.stm32cube.ide.mcu.externaltools.gnu-tools-for-stm32.7-2018-q2-update.win32_1.0.0.201904181610/tools/bin/../lib/gcc/arm-none-eabi/7.3.1/thumb/v7e-m/fpv4-sp/hard\libgcc.a(_udivmoddi4.o)
                0x0000000008000238                __udivmoddi4
 .text          0x0000000008000504        0x4 d:/program files (x86)/stmicroelectronics/stm32cubeide_1.3.0/stm32cubeide/plugins/com.st.stm32cube.ide.mcu.externaltools.gnu-tools-for-stm32.7-2018-q2-update.win32_1.0.0.201904181610/tools/bin/../lib/gcc/arm-none-eabi/7.3.1/thumb/v7e-m/fpv4-sp/hard\libgcc.a(_dvmd_tls.o)
                0x0000000008000504                __aeabi_idiv0
                0x0000000008000504                __aeabi_ldiv0
 *(.text*)
 .text.main     0x0000000008000508       0x2c Core/Src/main.o
                0x0000000008000508                main
 .text.SystemClock_Config
                0x0000000008000534       0xb8 Core/Src/main.o
                0x0000000008000534                SystemClock_Config
 .text.Error_Handler
                0x00000000080005ec        0xe Core/Src/main.o
                0x00000000080005ec                Error_Handler
 *fill*         0x00000000080005fa        0x2 
 .text.HAL_MspInit
                0x00000000080005fc       0x48 Core/Src/stm32f7xx_hal_msp.o
                0x00000000080005fc                HAL_MspInit
 .text.NMI_Handler
                0x0000000008000644        0xe Core/Src/stm32f7xx_it.o
                0x0000000008000644                NMI_Handler
 .text.HardFault_Handler
                0x0000000008000652        0x6 Core/Src/stm32f7xx_it.o
                0x0000000008000652                HardFault_Handler
 .text.MemManage_Handler
                0x0000000008000658        0x6 Core/Src/stm32f7xx_it.o
                0x0000000008000658                MemManage_Handler
 .text.BusFault_Handler
                0x000000000800065e        0x6 Core/Src/stm32f7xx_it.o
                0x000000000800065e                BusFault_Handler
 .text.UsageFault_Handler
                0x0000000008000664        0x6 Core/Src/stm32f7xx_it.o
                0x0000000008000664                UsageFault_Handler
 .text.SVC_Handler
                0x000000000800066a        0xe Core/Src/stm32f7xx_it.o
                0x000000000800066a                SVC_Handler
 .text.DebugMon_Handler
                0x0000000008000678        0xe Core/Src/stm32f7xx_it.o
                0x0000000008000678                DebugMon_Handler
 .text.PendSV_Handler
                0x0000000008000686        0xe Core/Src/stm32f7xx_it.o
                0x0000000008000686                PendSV_Handler
 .text.SysTick_Handler
                0x0000000008000694        0xc Core/Src/stm32f7xx_it.o
                0x0000000008000694                SysTick_Handler
 .text.SystemInit
                0x00000000080006a0       0x2c Core/Src/system_stm32f7xx.o
                0x00000000080006a0                SystemInit
 .text.Reset_Handler
                0x00000000080006cc       0x50 Core/Startup/startup_stm32f746nghx.o
                0x00000000080006cc                Reset_Handler
 .text.Default_Handler
                0x000000000800071c        0x2 Core/Startup/startup_stm32f746nghx.o
                0x000000000800071c                RTC_Alarm_IRQHandler
                0x000000000800071c                EXTI2_IRQHandler
                0x000000000800071c                TIM8_CC_IRQHandler
                0x000000000800071c                UART8_IRQHandler
                0x000000000800071c                SPI4_IRQHandler
                0x000000000800071c                TIM1_CC_IRQHandler
                0x000000000800071c                DMA2_Stream5_IRQHandler
                0x000000000800071c                DMA1_Stream5_IRQHandler
                0x000000000800071c                PVD_IRQHandler
                0x000000000800071c                TAMP_STAMP_IRQHandler
                0x000000000800071c                CAN2_RX1_IRQHandler
                0x000000000800071c                EXTI3_IRQHandler
                0x000000000800071c                TIM8_TRG_COM_TIM14_IRQHandler
                0x000000000800071c                TIM1_UP_TIM10_IRQHandler
                0x000000000800071c                TIM8_UP_TIM13_IRQHandler
                0x000000000800071c                I2C3_ER_IRQHandler
                0x000000000800071c                EXTI0_IRQHandler
                0x000000000800071c                I2C2_EV_IRQHandler
                0x000000000800071c                DMA1_Stream2_IRQHandler
                0x000000000800071c                CAN1_RX0_IRQHandler
                0x000000000800071c                FPU_IRQHandler
                0x000000000800071c                OTG_HS_WKUP_IRQHandler
                0x000000000800071c                LTDC_ER_IRQHandler
                0x000000000800071c                CAN2_SCE_IRQHandler
                0x000000000800071c                DMA2_Stream2_IRQHandler
                0x000000000800071c                SPI1_IRQHandler
                0x000000000800071c                TIM6_DAC_IRQHandler
                0x000000000800071c                TIM1_BRK_TIM9_IRQHandler
                0x000000000800071c                DCMI_IRQHandler
                0x000000000800071c                CAN2_RX0_IRQHandler
                0x000000000800071c                DMA2_Stream3_IRQHandler
                0x000000000800071c                SAI2_IRQHandler
                0x000000000800071c                USART6_IRQHandler
                0x000000000800071c                USART3_IRQHandler
                0x000000000800071c                CAN1_RX1_IRQHandler
                0x000000000800071c                UART5_IRQHandler
                0x000000000800071c                DMA2_Stream0_IRQHandler
                0x000000000800071c                TIM4_IRQHandler
                0x000000000800071c                QUADSPI_IRQHandler
                0x000000000800071c                I2C1_EV_IRQHandler
                0x000000000800071c                DMA1_Stream6_IRQHandler
                0x000000000800071c                DMA1_Stream1_IRQHandler
                0x000000000800071c                UART4_IRQHandler
                0x000000000800071c                TIM3_IRQHandler
                0x000000000800071c                RCC_IRQHandler
                0x000000000800071c                TIM8_BRK_TIM12_IRQHandler
                0x000000000800071c                Default_Handler
                0x000000000800071c                CEC_IRQHandler
                0x000000000800071c                EXTI15_10_IRQHandler
                0x000000000800071c                ADC_IRQHandler
                0x000000000800071c                DMA1_Stream7_IRQHandler
                0x000000000800071c                SPI5_IRQHandler
                0x000000000800071c                TIM7_IRQHandler
                0x000000000800071c                SDMMC1_IRQHandler
                0x000000000800071c                CAN2_TX_IRQHandler
                0x000000000800071c                TIM5_IRQHandler
                0x000000000800071c                DMA2_Stream7_IRQHandler
                0x000000000800071c                I2C3_EV_IRQHandler
                0x000000000800071c                EXTI9_5_IRQHandler
                0x000000000800071c                RTC_WKUP_IRQHandler
                0x000000000800071c                LTDC_IRQHandler
                0x000000000800071c                ETH_WKUP_IRQHandler
                0x000000000800071c                SPDIF_RX_IRQHandler
                0x000000000800071c                SPI2_IRQHandler
                0x000000000800071c                OTG_HS_EP1_IN_IRQHandler
                0x000000000800071c                DMA1_Stream0_IRQHandler
                0x000000000800071c                CAN1_TX_IRQHandler
                0x000000000800071c                EXTI4_IRQHandler
                0x000000000800071c                RNG_IRQHandler
                0x000000000800071c                ETH_IRQHandler
                0x000000000800071c                OTG_HS_EP1_OUT_IRQHandler
                0x000000000800071c                WWDG_IRQHandler
                0x000000000800071c                SPI6_IRQHandler
                0x000000000800071c                I2C4_EV_IRQHandler
                0x000000000800071c                TIM2_IRQHandler
                0x000000000800071c                OTG_FS_WKUP_IRQHandler
                0x000000000800071c                TIM1_TRG_COM_TIM11_IRQHandler
                0x000000000800071c                OTG_HS_IRQHandler
                0x000000000800071c                DMA2D_IRQHandler
                0x000000000800071c                EXTI1_IRQHandler
                0x000000000800071c                UART7_IRQHandler
                0x000000000800071c                USART2_IRQHandler
                0x000000000800071c                I2C2_ER_IRQHandler
                0x000000000800071c                DMA2_Stream1_IRQHandler
                0x000000000800071c                CAN1_SCE_IRQHandler
                0x000000000800071c                FLASH_IRQHandler
                0x000000000800071c                DMA2_Stream4_IRQHandler
                0x000000000800071c                USART1_IRQHandler
                0x000000000800071c                OTG_FS_IRQHandler
                0x000000000800071c                SPI3_IRQHandler
                0x000000000800071c                DMA1_Stream4_IRQHandler
                0x000000000800071c                I2C1_ER_IRQHandler
                0x000000000800071c                FMC_IRQHandler
                0x000000000800071c                LPTIM1_IRQHandler
                0x000000000800071c                I2C4_ER_IRQHandler
                0x000000000800071c                DMA2_Stream6_IRQHandler
                0x000000000800071c                SAI1_IRQHandler
                0x000000000800071c                DMA1_Stream3_IRQHandler
 .text.HAL_Init
                0x000000000800071e       0x1a Drivers/STM32F7xx_HAL_Driver/Src/stm32f7xx_hal.o
                0x000000000800071e                HAL_Init
 .text.HAL_InitTick
                0x0000000008000738       0x60 Drivers/STM32F7xx_HAL_Driver/Src/stm32f7xx_hal.o
                0x0000000008000738                HAL_InitTick
 .text.HAL_IncTick
                0x0000000008000798       0x28 Drivers/STM32F7xx_HAL_Driver/Src/stm32f7xx_hal.o
                0x0000000008000798                HAL_IncTick
 .text.HAL_GetTick
                0x00000000080007c0       0x18 Drivers/STM32F7xx_HAL_Driver/Src/stm32f7xx_hal.o
                0x00000000080007c0                HAL_GetTick
 .text.__NVIC_SetPriorityGrouping
                0x00000000080007d8       0x48 Drivers/STM32F7xx_HAL_Driver/Src/stm32f7xx_hal_cortex.o
 .text.__NVIC_GetPriorityGrouping
                0x0000000008000820       0x1c Drivers/STM32F7xx_HAL_Driver/Src/stm32f7xx_hal_cortex.o
 .text.__NVIC_SetPriority
                0x000000000800083c       0x54 Drivers/STM32F7xx_HAL_Driver/Src/stm32f7xx_hal_cortex.o
 .text.NVIC_EncodePriority
                0x0000000008000890       0x66 Drivers/STM32F7xx_HAL_Driver/Src/stm32f7xx_hal_cortex.o
 *fill*         0x00000000080008f6        0x2 
 .text.SysTick_Config
                0x00000000080008f8       0x44 Drivers/STM32F7xx_HAL_Driver/Src/stm32f7xx_hal_cortex.o
 .text.HAL_NVIC_SetPriorityGrouping
                0x000000000800093c       0x16 Drivers/STM32F7xx_HAL_Driver/Src/stm32f7xx_hal_cortex.o
                0x000000000800093c                HAL_NVIC_SetPriorityGrouping
 .text.HAL_NVIC_SetPriority
                0x0000000008000952       0x38 Drivers/STM32F7xx_HAL_Driver/Src/stm32f7xx_hal_cortex.o
                0x0000000008000952                HAL_NVIC_SetPriority
 .text.HAL_SYSTICK_Config
                0x000000000800098a       0x18 Drivers/STM32F7xx_HAL_Driver/Src/stm32f7xx_hal_cortex.o
                0x000000000800098a                HAL_SYSTICK_Config
 *fill*         0x00000000080009a2        0x2 
 .text.HAL_RCC_OscConfig
                0x00000000080009a4      0x548 Drivers/STM32F7xx_HAL_Driver/Src/stm32f7xx_hal_rcc.o
                0x00000000080009a4                HAL_RCC_OscConfig
 .text.HAL_RCC_ClockConfig
                0x0000000008000eec      0x1d8 Drivers/STM32F7xx_HAL_Driver/Src/stm32f7xx_hal_rcc.o
                0x0000000008000eec                HAL_RCC_ClockConfig
 .text.HAL_RCC_GetSysClockFreq
                0x00000000080010c4      0x164 Drivers/STM32F7xx_HAL_Driver/Src/stm32f7xx_hal_rcc.o
                0x00000000080010c4                HAL_RCC_GetSysClockFreq
 .text.__libc_init_array
                0x0000000008001228       0x48 d:/program files (x86)/stmicroelectronics/stm32cubeide_1.3.0/stm32cubeide/plugins/com.st.stm32cube.ide.mcu.externaltools.gnu-tools-for-stm32.7-2018-q2-update.win32_1.0.0.201904181610/tools/bin/../lib/gcc/arm-none-eabi/7.3.1/../../../../arm-none-eabi/lib/thumb/v7e-m/fpv4-sp/hard\libc_nano.a(lib_a-init.o)
                0x0000000008001228                __libc_init_array
 .text.memset   0x0000000008001270       0x10 d:/program files (x86)/stmicroelectronics/stm32cubeide_1.3.0/stm32cubeide/plugins/com.st.stm32cube.ide.mcu.externaltools.gnu-tools-for-stm32.7-2018-q2-update.win32_1.0.0.201904181610/tools/bin/../lib/gcc/arm-none-eabi/7.3.1/../../../../arm-none-eabi/lib/thumb/v7e-m/fpv4-sp/hard\libc_nano.a(lib_a-memset.o)
                0x0000000008001270                memset
 *(.glue_7)
 .glue_7        0x0000000008001280        0x0 linker stubs
 *(.glue_7t)
 .glue_7t       0x0000000008001280        0x0 linker stubs
 *(.eh_frame)
 .eh_frame      0x0000000008001280        0x0 d:/program files (x86)/stmicroelectronics/stm32cubeide_1.3.0/stm32cubeide/plugins/com.st.stm32cube.ide.mcu.externaltools.gnu-tools-for-stm32.7-2018-q2-update.win32_1.0.0.201904181610/tools/bin/../lib/gcc/arm-none-eabi/7.3.1/thumb/v7e-m/fpv4-sp/hard/crtbegin.o
 *(.init)
 .init          0x0000000008001280        0x4 d:/program files (x86)/stmicroelectronics/stm32cubeide_1.3.0/stm32cubeide/plugins/com.st.stm32cube.ide.mcu.externaltools.gnu-tools-for-stm32.7-2018-q2-update.win32_1.0.0.201904181610/tools/bin/../lib/gcc/arm-none-eabi/7.3.1/thumb/v7e-m/fpv4-sp/hard/crti.o
                0x0000000008001280                _init
 .init          0x0000000008001284        0x8 d:/program files (x86)/stmicroelectronics/stm32cubeide_1.3.0/stm32cubeide/plugins/com.st.stm32cube.ide.mcu.externaltools.gnu-tools-for-stm32.7-2018-q2-update.win32_1.0.0.201904181610/tools/bin/../lib/gcc/arm-none-eabi/7.3.1/thumb/v7e-m/fpv4-sp/hard/crtn.o
 *(.fini)
 .fini          0x000000000800128c        0x4 d:/program files (x86)/stmicroelectronics/stm32cubeide_1.3.0/stm32cubeide/plugins/com.st.stm32cube.ide.mcu.externaltools.gnu-tools-for-stm32.7-2018-q2-update.win32_1.0.0.201904181610/tools/bin/../lib/gcc/arm-none-eabi/7.3.1/thumb/v7e-m/fpv4-sp/hard/crti.o
                0x000000000800128c                _fini
 .fini          0x0000000008001290        0x8 d:/program files (x86)/stmicroelectronics/stm32cubeide_1.3.0/stm32cubeide/plugins/com.st.stm32cube.ide.mcu.externaltools.gnu-tools-for-stm32.7-2018-q2-update.win32_1.0.0.201904181610/tools/bin/../lib/gcc/arm-none-eabi/7.3.1/thumb/v7e-m/fpv4-sp/hard/crtn.o
                0x0000000008001298                . = ALIGN (0x4)
                0x0000000008001298                _etext = .

.vfp11_veneer   0x0000000008001298        0x0
 .vfp11_veneer  0x0000000008001298        0x0 linker stubs

.v4_bx          0x0000000008001298        0x0
 .v4_bx         0x0000000008001298        0x0 linker stubs

.iplt           0x0000000008001298        0x0
 .iplt          0x0000000008001298        0x0 d:/program files (x86)/stmicroelectronics/stm32cubeide_1.3.0/stm32cubeide/plugins/com.st.stm32cube.ide.mcu.externaltools.gnu-tools-for-stm32.7-2018-q2-update.win32_1.0.0.201904181610/tools/bin/../lib/gcc/arm-none-eabi/7.3.1/thumb/v7e-m/fpv4-sp/hard/crtbegin.o

.rodata         0x0000000008001298       0x10
                0x0000000008001298                . = ALIGN (0x4)
 *(.rodata)
 *(.rodata*)
 .rodata.AHBPrescTable
                0x0000000008001298       0x10 Core/Src/system_stm32f7xx.o
                0x0000000008001298                AHBPrescTable
                0x00000000080012a8                . = ALIGN (0x4)

.ARM.extab      0x00000000080012a8        0x0
                0x00000000080012a8                . = ALIGN (0x4)
 *(.ARM.extab* .gnu.linkonce.armextab.*)
                0x00000000080012a8                . = ALIGN (0x4)

.ARM            0x00000000080012a8        0x8
                0x00000000080012a8                . = ALIGN (0x4)
                0x00000000080012a8                __exidx_start = .
 *(.ARM.exidx*)
 .ARM.exidx     0x00000000080012a8        0x8 d:/program files (x86)/stmicroelectronics/stm32cubeide_1.3.0/stm32cubeide/plugins/com.st.stm32cube.ide.mcu.externaltools.gnu-tools-for-stm32.7-2018-q2-update.win32_1.0.0.201904181610/tools/bin/../lib/gcc/arm-none-eabi/7.3.1/thumb/v7e-m/fpv4-sp/hard\libgcc.a(_udivmoddi4.o)
                0x00000000080012b0                __exidx_end = .
                0x00000000080012b0                . = ALIGN (0x4)

.rel.dyn        0x00000000080012b0        0x0
 .rel.iplt      0x00000000080012b0        0x0 d:/program files (x86)/stmicroelectronics/stm32cubeide_1.3.0/stm32cubeide/plugins/com.st.stm32cube.ide.mcu.externaltools.gnu-tools-for-stm32.7-2018-q2-update.win32_1.0.0.201904181610/tools/bin/../lib/gcc/arm-none-eabi/7.3.1/thumb/v7e-m/fpv4-sp/hard/crtbegin.o

.preinit_array  0x00000000080012b0        0x0
                0x00000000080012b0                . = ALIGN (0x4)
                0x00000000080012b0                PROVIDE (__preinit_array_start = .)
 *(.preinit_array*)
                0x00000000080012b0                PROVIDE (__preinit_array_end = .)
                0x00000000080012b0                . = ALIGN (0x4)

.init_array     0x00000000080012b0        0x4
                0x00000000080012b0                . = ALIGN (0x4)
                0x00000000080012b0                PROVIDE (__init_array_start = .)
 *(SORT_BY_NAME(.init_array.*))
 *(.init_array*)
 .init_array    0x00000000080012b0        0x4 d:/program files (x86)/stmicroelectronics/stm32cubeide_1.3.0/stm32cubeide/plugins/com.st.stm32cube.ide.mcu.externaltools.gnu-tools-for-stm32.7-2018-q2-update.win32_1.0.0.201904181610/tools/bin/../lib/gcc/arm-none-eabi/7.3.1/thumb/v7e-m/fpv4-sp/hard/crtbegin.o
                0x00000000080012b4                PROVIDE (__init_array_end = .)
                0x00000000080012b4                . = ALIGN (0x4)

.fini_array     0x00000000080012b4        0x4
                0x00000000080012b4                . = ALIGN (0x4)
                [!provide]                        PROVIDE (__fini_array_start = .)
 *(SORT_BY_NAME(.fini_array.*))
 *(.fini_array*)
 .fini_array    0x00000000080012b4        0x4 d:/program files (x86)/stmicroelectronics/stm32cubeide_1.3.0/stm32cubeide/plugins/com.st.stm32cube.ide.mcu.externaltools.gnu-tools-for-stm32.7-2018-q2-update.win32_1.0.0.201904181610/tools/bin/../lib/gcc/arm-none-eabi/7.3.1/thumb/v7e-m/fpv4-sp/hard/crtbegin.o
                [!provide]                        PROVIDE (__fini_array_end = .)
                0x00000000080012b8                . = ALIGN (0x4)
                0x00000000080012b8                _sidata = LOADADDR (.data)

.data           0x0000000020000000        0xc load address 0x00000000080012b8
                0x0000000020000000                . = ALIGN (0x4)
                0x0000000020000000                _sdata = .
 *(.data)
 *(.data*)
 .data.SystemCoreClock
                0x0000000020000000        0x4 Core/Src/system_stm32f7xx.o
                0x0000000020000000                SystemCoreClock
 .data.uwTickPrio
                0x0000000020000004        0x4 Drivers/STM32F7xx_HAL_Driver/Src/stm32f7xx_hal.o
                0x0000000020000004                uwTickPrio
 .data.uwTickFreq
                0x0000000020000008        0x1 Drivers/STM32F7xx_HAL_Driver/Src/stm32f7xx_hal.o
                0x0000000020000008                uwTickFreq
                0x000000002000000c                . = ALIGN (0x4)
 *fill*         0x0000000020000009        0x3 
                0x000000002000000c                _edata = .

.igot.plt       0x000000002000000c        0x0 load address 0x00000000080012c4
 .igot.plt      0x000000002000000c        0x0 d:/program files (x86)/stmicroelectronics/stm32cubeide_1.3.0/stm32cubeide/plugins/com.st.stm32cube.ide.mcu.externaltools.gnu-tools-for-stm32.7-2018-q2-update.win32_1.0.0.201904181610/tools/bin/../lib/gcc/arm-none-eabi/7.3.1/thumb/v7e-m/fpv4-sp/hard/crtbegin.o
                0x000000002000000c                . = ALIGN (0x4)

.bss            0x000000002000000c       0x20 load address 0x00000000080012c4
                0x000000002000000c                _sbss = .
                0x000000002000000c                __bss_start__ = _sbss
 *(.bss)
 .bss           0x000000002000000c       0x1c d:/program files (x86)/stmicroelectronics/stm32cubeide_1.3.0/stm32cubeide/plugins/com.st.stm32cube.ide.mcu.externaltools.gnu-tools-for-stm32.7-2018-q2-update.win32_1.0.0.201904181610/tools/bin/../lib/gcc/arm-none-eabi/7.3.1/thumb/v7e-m/fpv4-sp/hard/crtbegin.o
 *(.bss*)
 *(COMMON)
 COMMON         0x0000000020000028        0x4 Drivers/STM32F7xx_HAL_Driver/Src/stm32f7xx_hal.o
                0x0000000020000028                uwTick
                0x000000002000002c                . = ALIGN (0x4)
                0x000000002000002c                _ebss = .
                0x000000002000002c                __bss_end__ = _ebss

._user_heap_stack
                0x000000002000002c      0x604 load address 0x00000000080012c4
                0x0000000020000030                . = ALIGN (0x8)
 *fill*         0x000000002000002c        0x4 
                0x0000000020000030                PROVIDE (end = .)
                [!provide]                        PROVIDE (_end = .)
                0x0000000020000230                . = (. + _Min_Heap_Size)
 *fill*         0x0000000020000030      0x200 
                0x0000000020000630                . = (. + _Min_Stack_Size)
 *fill*         0x0000000020000230      0x400 
                0x0000000020000630                . = ALIGN (0x8)

/DISCARD/
 libc.a(*)
 libm.a(*)
 libgcc.a(*)

.ARM.attributes
                0x0000000000000000       0x30
 *(.ARM.attributes)
 .ARM.attributes
                0x0000000000000000       0x22 d:/program files (x86)/stmicroelectronics/stm32cubeide_1.3.0/stm32cubeide/plugins/com.st.stm32cube.ide.mcu.externaltools.gnu-tools-for-stm32.7-2018-q2-update.win32_1.0.0.201904181610/tools/bin/../lib/gcc/arm-none-eabi/7.3.1/thumb/v7e-m/fpv4-sp/hard/crti.o
 .ARM.attributes
                0x0000000000000022       0x34 d:/program files (x86)/stmicroelectronics/stm32cubeide_1.3.0/stm32cubeide/plugins/com.st.stm32cube.ide.mcu.externaltools.gnu-tools-for-stm32.7-2018-q2-update.win32_1.0.0.201904181610/tools/bin/../lib/gcc/arm-none-eabi/7.3.1/thumb/v7e-m/fpv4-sp/hard/crtbegin.o
 .ARM.attributes
                0x0000000000000056       0x39 Core/Src/main.o
 .ARM.attributes
                0x000000000000008f       0x39 Core/Src/stm32f7xx_hal_msp.o
 .ARM.attributes
                0x00000000000000c8       0x39 Core/Src/stm32f7xx_it.o
 .ARM.attributes
                0x0000000000000101       0x39 Core/Src/system_stm32f7xx.o
 .ARM.attributes
                0x000000000000013a       0x21 Core/Startup/startup_stm32f746nghx.o
 .ARM.attributes
                0x000000000000015b       0x39 Drivers/STM32F7xx_HAL_Driver/Src/stm32f7xx_hal.o
 .ARM.attributes
                0x0000000000000194       0x39 Drivers/STM32F7xx_HAL_Driver/Src/stm32f7xx_hal_cortex.o
 .ARM.attributes
                0x00000000000001cd       0x39 Drivers/STM32F7xx_HAL_Driver/Src/stm32f7xx_hal_rcc.o
 .ARM.attributes
                0x0000000000000206       0x34 d:/program files (x86)/stmicroelectronics/stm32cubeide_1.3.0/stm32cubeide/plugins/com.st.stm32cube.ide.mcu.externaltools.gnu-tools-for-stm32.7-2018-q2-update.win32_1.0.0.201904181610/tools/bin/../lib/gcc/arm-none-eabi/7.3.1/../../../../arm-none-eabi/lib/thumb/v7e-m/fpv4-sp/hard\libc_nano.a(lib_a-init.o)
 .ARM.attributes
                0x000000000000023a       0x34 d:/program files (x86)/stmicroelectronics/stm32cubeide_1.3.0/stm32cubeide/plugins/com.st.stm32cube.ide.mcu.externaltools.gnu-tools-for-stm32.7-2018-q2-update.win32_1.0.0.201904181610/tools/bin/../lib/gcc/arm-none-eabi/7.3.1/../../../../arm-none-eabi/lib/thumb/v7e-m/fpv4-sp/hard\libc_nano.a(lib_a-memset.o)
 .ARM.attributes
                0x000000000000026e       0x22 d:/program files (x86)/stmicroelectronics/stm32cubeide_1.3.0/stm32cubeide/plugins/com.st.stm32cube.ide.mcu.externaltools.gnu-tools-for-stm32.7-2018-q2-update.win32_1.0.0.201904181610/tools/bin/../lib/gcc/arm-none-eabi/7.3.1/thumb/v7e-m/fpv4-sp/hard\libgcc.a(_aeabi_uldivmod.o)
 .ARM.attributes
                0x0000000000000290       0x34 d:/program files (x86)/stmicroelectronics/stm32cubeide_1.3.0/stm32cubeide/plugins/com.st.stm32cube.ide.mcu.externaltools.gnu-tools-for-stm32.7-2018-q2-update.win32_1.0.0.201904181610/tools/bin/../lib/gcc/arm-none-eabi/7.3.1/thumb/v7e-m/fpv4-sp/hard\libgcc.a(_udivmoddi4.o)
 .ARM.attributes
                0x00000000000002c4       0x22 d:/program files (x86)/stmicroelectronics/stm32cubeide_1.3.0/stm32cubeide/plugins/com.st.stm32cube.ide.mcu.externaltools.gnu-tools-for-stm32.7-2018-q2-update.win32_1.0.0.201904181610/tools/bin/../lib/gcc/arm-none-eabi/7.3.1/thumb/v7e-m/fpv4-sp/hard\libgcc.a(_dvmd_tls.o)
 .ARM.attributes
                0x00000000000002e6       0x22 d:/program files (x86)/stmicroelectronics/stm32cubeide_1.3.0/stm32cubeide/plugins/com.st.stm32cube.ide.mcu.externaltools.gnu-tools-for-stm32.7-2018-q2-update.win32_1.0.0.201904181610/tools/bin/../lib/gcc/arm-none-eabi/7.3.1/thumb/v7e-m/fpv4-sp/hard/crtn.o
OUTPUT(HelloSTM32F746.elf elf32-littlearm)

.debug_info     0x0000000000000000     0x35bd
 .debug_info    0x0000000000000000      0x579 Core/Src/main.o
 .debug_info    0x0000000000000579      0x389 Core/Src/stm32f7xx_hal_msp.o
 .debug_info    0x0000000000000902      0x20a Core/Src/stm32f7xx_it.o
 .debug_info    0x0000000000000b0c      0x73d Core/Src/system_stm32f7xx.o
 .debug_info    0x0000000000001249       0x22 Core/Startup/startup_stm32f746nghx.o
 .debug_info    0x000000000000126b      0x9d3 Drivers/STM32F7xx_HAL_Driver/Src/stm32f7xx_hal.o
 .debug_info    0x0000000000001c3e     0x104a Drivers/STM32F7xx_HAL_Driver/Src/stm32f7xx_hal_cortex.o
 .debug_info    0x0000000000002c88      0x935 Drivers/STM32F7xx_HAL_Driver/Src/stm32f7xx_hal_rcc.o

.debug_abbrev   0x0000000000000000      0xb7a
 .debug_abbrev  0x0000000000000000      0x177 Core/Src/main.o
 .debug_abbrev  0x0000000000000177      0x109 Core/Src/stm32f7xx_hal_msp.o
 .debug_abbrev  0x0000000000000280       0xc6 Core/Src/stm32f7xx_it.o
 .debug_abbrev  0x0000000000000346      0x147 Core/Src/system_stm32f7xx.o
 .debug_abbrev  0x000000000000048d       0x12 Core/Startup/startup_stm32f746nghx.o
 .debug_abbrev  0x000000000000049f      0x1c7 Drivers/STM32F7xx_HAL_Driver/Src/stm32f7xx_hal.o
 .debug_abbrev  0x0000000000000666      0x2fa Drivers/STM32F7xx_HAL_Driver/Src/stm32f7xx_hal_cortex.o
 .debug_abbrev  0x0000000000000960      0x21a Drivers/STM32F7xx_HAL_Driver/Src/stm32f7xx_hal_rcc.o

.debug_aranges  0x0000000000000000      0x3a0
 .debug_aranges
                0x0000000000000000       0x30 Core/Src/main.o
 .debug_aranges
                0x0000000000000030       0x20 Core/Src/stm32f7xx_hal_msp.o
 .debug_aranges
                0x0000000000000050       0x60 Core/Src/stm32f7xx_it.o
 .debug_aranges
                0x00000000000000b0       0x28 Core/Src/system_stm32f7xx.o
 .debug_aranges
                0x00000000000000d8       0x28 Core/Startup/startup_stm32f746nghx.o
 .debug_aranges
                0x0000000000000100      0x100 Drivers/STM32F7xx_HAL_Driver/Src/stm32f7xx_hal.o
 .debug_aranges
                0x0000000000000200      0x118 Drivers/STM32F7xx_HAL_Driver/Src/stm32f7xx_hal_cortex.o
 .debug_aranges
                0x0000000000000318       0x88 Drivers/STM32F7xx_HAL_Driver/Src/stm32f7xx_hal_rcc.o

.debug_ranges   0x0000000000000000      0x328
 .debug_ranges  0x0000000000000000       0x20 Core/Src/main.o
 .debug_ranges  0x0000000000000020       0x10 Core/Src/stm32f7xx_hal_msp.o
 .debug_ranges  0x0000000000000030       0x50 Core/Src/stm32f7xx_it.o
 .debug_ranges  0x0000000000000080       0x18 Core/Src/system_stm32f7xx.o
 .debug_ranges  0x0000000000000098       0x20 Core/Startup/startup_stm32f746nghx.o
 .debug_ranges  0x00000000000000b8       0xf0 Drivers/STM32F7xx_HAL_Driver/Src/stm32f7xx_hal.o
 .debug_ranges  0x00000000000001a8      0x108 Drivers/STM32F7xx_HAL_Driver/Src/stm32f7xx_hal_cortex.o
 .debug_ranges  0x00000000000002b0       0x78 Drivers/STM32F7xx_HAL_Driver/Src/stm32f7xx_hal_rcc.o

.debug_macro    0x0000000000000000    0x22fdb
 .debug_macro   0x0000000000000000      0x1c5 Core/Src/main.o
 .debug_macro   0x00000000000001c5      0xa5a Core/Src/main.o
 .debug_macro   0x0000000000000c1f      0x17d Core/Src/main.o
 .debug_macro   0x0000000000000d9c       0x2e Core/Src/main.o
 .debug_macro   0x0000000000000dca       0x3b Core/Src/main.o
 .debug_macro   0x0000000000000e05       0x22 Core/Src/main.o
 .debug_macro   0x0000000000000e27       0x8e Core/Src/main.o
 .debug_macro   0x0000000000000eb5       0x51 Core/Src/main.o
 .debug_macro   0x0000000000000f06       0xef Core/Src/main.o
 .debug_macro   0x0000000000000ff5       0x6a Core/Src/main.o
 .debug_macro   0x000000000000105f      0x1df Core/Src/main.o
 .debug_macro   0x000000000000123e       0x1c Core/Src/main.o
 .debug_macro   0x000000000000125a       0x22 Core/Src/main.o
 .debug_macro   0x000000000000127c       0xdf Core/Src/main.o
 .debug_macro   0x000000000000135b     0x12cd Core/Src/main.o
 .debug_macro   0x0000000000002628      0x11f Core/Src/main.o
 .debug_macro   0x0000000000002747       0x19 Core/Src/main.o
 .debug_macro   0x0000000000002760    0x190f0 Core/Src/main.o
 .debug_macro   0x000000000001b850       0x43 Core/Src/main.o
 .debug_macro   0x000000000001b893     0x36b4 Core/Src/main.o
 .debug_macro   0x000000000001ef47      0x174 Core/Src/main.o
 .debug_macro   0x000000000001f0bb       0x61 Core/Src/main.o
 .debug_macro   0x000000000001f11c     0x18ad Core/Src/main.o
 .debug_macro   0x00000000000209c9      0x6c4 Core/Src/main.o
 .debug_macro   0x000000000002108d      0x185 Core/Src/main.o
 .debug_macro   0x0000000000021212      0x117 Core/Src/main.o
 .debug_macro   0x0000000000021329      0x1fe Core/Src/main.o
 .debug_macro   0x0000000000021527       0x27 Core/Src/main.o
 .debug_macro   0x000000000002154e      0x24f Core/Src/main.o
 .debug_macro   0x000000000002179d       0x41 Core/Src/main.o
 .debug_macro   0x00000000000217de       0x58 Core/Src/main.o
 .debug_macro   0x0000000000021836      0x236 Core/Src/main.o
 .debug_macro   0x0000000000021a6c      0x14f Core/Src/main.o
 .debug_macro   0x0000000000021bbb      0x25b Core/Src/main.o
 .debug_macro   0x0000000000021e16       0x12 Core/Src/main.o
 .debug_macro   0x0000000000021e28      0x22c Core/Src/main.o
 .debug_macro   0x0000000000022054       0x5a Core/Src/main.o
 .debug_macro   0x00000000000220ae       0xa5 Core/Src/main.o
 .debug_macro   0x0000000000022153      0x12f Core/Src/main.o
 .debug_macro   0x0000000000022282      0x108 Core/Src/main.o
 .debug_macro   0x000000000002238a       0x35 Core/Src/main.o
 .debug_macro   0x00000000000223bf      0x14e Core/Src/main.o
 .debug_macro   0x000000000002250d      0x1c5 Core/Src/stm32f7xx_hal_msp.o
 .debug_macro   0x00000000000226d2      0x1cf Core/Src/stm32f7xx_it.o
 .debug_macro   0x00000000000228a1      0x1c1 Core/Src/system_stm32f7xx.o
 .debug_macro   0x0000000000022a62      0x1df Drivers/STM32F7xx_HAL_Driver/Src/stm32f7xx_hal.o
 .debug_macro   0x0000000000022c41      0x1bb Drivers/STM32F7xx_HAL_Driver/Src/stm32f7xx_hal_cortex.o
 .debug_macro   0x0000000000022dfc      0x1df Drivers/STM32F7xx_HAL_Driver/Src/stm32f7xx_hal_rcc.o

.debug_line     0x0000000000000000     0x3ef1
 .debug_line    0x0000000000000000      0x7e2 Core/Src/main.o
 .debug_line    0x00000000000007e2      0x7a5 Core/Src/stm32f7xx_hal_msp.o
 .debug_line    0x0000000000000f87      0x849 Core/Src/stm32f7xx_it.o
 .debug_line    0x00000000000017d0      0x7be Core/Src/system_stm32f7xx.o
 .debug_line    0x0000000000001f8e       0x85 Core/Startup/startup_stm32f746nghx.o
 .debug_line    0x0000000000002013      0x9cd Drivers/STM32F7xx_HAL_Driver/Src/stm32f7xx_hal.o
 .debug_line    0x00000000000029e0      0xace Drivers/STM32F7xx_HAL_Driver/Src/stm32f7xx_hal_cortex.o
 .debug_line    0x00000000000034ae      0xa43 Drivers/STM32F7xx_HAL_Driver/Src/stm32f7xx_hal_rcc.o

.debug_str      0x0000000000000000    0xdac24
 .debug_str     0x0000000000000000    0xd99cc Core/Src/main.o
                                      0xda091 (size before relaxing)
 .debug_str     0x00000000000d99cc       0x2c Core/Src/stm32f7xx_hal_msp.o
                                      0xd9f3a (size before relaxing)
 .debug_str     0x00000000000d99f8       0xbd Core/Src/stm32f7xx_it.o
                                      0xd9eab (size before relaxing)
 .debug_str     0x00000000000d9ab5      0x18d Core/Src/system_stm32f7xx.o
                                      0xda08a (size before relaxing)
 .debug_str     0x00000000000d9c42       0x36 Core/Startup/startup_stm32f746nghx.o
                                         0x5e (size before relaxing)
 .debug_str     0x00000000000d9c78      0x921 Drivers/STM32F7xx_HAL_Driver/Src/stm32f7xx_hal.o
                                      0xda93c (size before relaxing)
 .debug_str     0x00000000000da599      0x3a0 Drivers/STM32F7xx_HAL_Driver/Src/stm32f7xx_hal_cortex.o
                                      0xda9e3 (size before relaxing)
 .debug_str     0x00000000000da939      0x2eb Drivers/STM32F7xx_HAL_Driver/Src/stm32f7xx_hal_rcc.o
                                      0xda3a5 (size before relaxing)

.comment        0x0000000000000000       0x7b
 .comment       0x0000000000000000       0x7b Core/Src/main.o
                                         0x7c (size before relaxing)
 .comment       0x000000000000007b       0x7c Core/Src/stm32f7xx_hal_msp.o
 .comment       0x000000000000007b       0x7c Core/Src/stm32f7xx_it.o
 .comment       0x000000000000007b       0x7c Core/Src/system_stm32f7xx.o
 .comment       0x000000000000007b       0x7c Drivers/STM32F7xx_HAL_Driver/Src/stm32f7xx_hal.o
 .comment       0x000000000000007b       0x7c Drivers/STM32F7xx_HAL_Driver/Src/stm32f7xx_hal_cortex.o
 .comment       0x000000000000007b       0x7c Drivers/STM32F7xx_HAL_Driver/Src/stm32f7xx_hal_rcc.o

.debug_frame    0x0000000000000000      0xcfc
 .debug_frame   0x0000000000000000       0x74 Core/Src/main.o
 .debug_frame   0x0000000000000074       0x38 Core/Src/stm32f7xx_hal_msp.o
 .debug_frame   0x00000000000000ac      0x10c Core/Src/stm32f7xx_it.o
 .debug_frame   0x00000000000001b8       0x58 Core/Src/system_stm32f7xx.o
 .debug_frame   0x0000000000000210      0x3b4 Drivers/STM32F7xx_HAL_Driver/Src/stm32f7xx_hal.o
 .debug_frame   0x00000000000005c4      0x498 Drivers/STM32F7xx_HAL_Driver/Src/stm32f7xx_hal_cortex.o
 .debug_frame   0x0000000000000a5c      0x1f4 Drivers/STM32F7xx_HAL_Driver/Src/stm32f7xx_hal_rcc.o
 .debug_frame   0x0000000000000c50       0x2c d:/program files (x86)/stmicroelectronics/stm32cubeide_1.3.0/stm32cubeide/plugins/com.st.stm32cube.ide.mcu.externaltools.gnu-tools-for-stm32.7-2018-q2-update.win32_1.0.0.201904181610/tools/bin/../lib/gcc/arm-none-eabi/7.3.1/../../../../arm-none-eabi/lib/thumb/v7e-m/fpv4-sp/hard\libc_nano.a(lib_a-init.o)
 .debug_frame   0x0000000000000c7c       0x20 d:/program files (x86)/stmicroelectronics/stm32cubeide_1.3.0/stm32cubeide/plugins/com.st.stm32cube.ide.mcu.externaltools.gnu-tools-for-stm32.7-2018-q2-update.win32_1.0.0.201904181610/tools/bin/../lib/gcc/arm-none-eabi/7.3.1/../../../../arm-none-eabi/lib/thumb/v7e-m/fpv4-sp/hard\libc_nano.a(lib_a-memset.o)
 .debug_frame   0x0000000000000c9c       0x2c d:/program files (x86)/stmicroelectronics/stm32cubeide_1.3.0/stm32cubeide/plugins/com.st.stm32cube.ide.mcu.externaltools.gnu-tools-for-stm32.7-2018-q2-update.win32_1.0.0.201904181610/tools/bin/../lib/gcc/arm-none-eabi/7.3.1/thumb/v7e-m/fpv4-sp/hard\libgcc.a(_aeabi_uldivmod.o)
 .debug_frame   0x0000000000000cc8       0x34 d:/program files (x86)/stmicroelectronics/stm32cubeide_1.3.0/stm32cubeide/plugins/com.st.stm32cube.ide.mcu.externaltools.gnu-tools-for-stm32.7-2018-q2-update.win32_1.0.0.201904181610/tools/bin/../lib/gcc/arm-none-eabi/7.3.1/thumb/v7e-m/fpv4-sp/hard\libgcc.a(_udivmoddi4.o)
